#
# There is insufficient memory for the Java Runtime Environment to continue.
# Native memory allocation (malloc) failed to allocate 1048576 bytes. Error detail: AllocateHeap
# Possible reasons:
#   The system is out of physical RAM or swap space
#   This process is running with CompressedOops enabled, and the Java Heap may be blocking the growth of the native heap
# Possible solutions:
#   Reduce memory load on the system
#   Increase physical memory or swap space
#   Check if swap backing store is full
#   Decrease Java heap size (-Xmx/-Xms)
#   Decrease number of Java threads
#   Decrease Java thread stack sizes (-Xss)
#   Set larger code cache with -XX:ReservedCodeCacheSize=
#   JVM is running with Unscaled Compressed Oops mode in which the Java heap is
#     placed in the first 4GB address space. The Java Heap base address is the
#     maximum limit for the native heap growth. Please use -XX:HeapBaseMinAddress
#     to set the Java Heap base and to place the Java Heap above 4GB virtual address.
# This output file may be truncated or incomplete.
#
#  Out of Memory Error (allocation.cpp:44), pid=6900, tid=19600
#
# JRE version: OpenJDK Runtime Environment Temurin-21.0.10+7 (21.0.10+7) (build 21.0.10+7-LTS)
# Java VM: OpenJDK 64-Bit Server VM Temurin-21.0.10+7 (21.0.10+7-LTS, mixed mode, sharing, tiered, compressed oops, compressed class ptrs, parallel gc, windows-amd64)
# No core dump will be written. Minidumps are not enabled by default on client versions of Windows
#

---------------  S U M M A R Y ------------

Command Line: --add-modules=ALL-SYSTEM --add-opens=java.base/java.util=ALL-UNNAMED --add-opens=java.base/java.lang=ALL-UNNAMED --add-opens=java.base/sun.nio.fs=ALL-UNNAMED -Declipse.application=org.eclipse.jdt.ls.core.id1 -Dosgi.bundles.defaultStartLevel=4 -Declipse.product=org.eclipse.jdt.ls.core.product -Djava.import.generatesMetadataFilesAtProjectRoot=false -DDetectVMInstallationsJob.disabled=true -Dfile.encoding=utf8 -XX:+UseParallelGC -XX:GCTimeRatio=4 -XX:AdaptiveSizePolicyWeight=90 -Dsun.zip.disableMemoryMapping=true -Xmx2G -Xms100m -Xlog:disable -javaagent:c:\Users\tient\.vscode\extensions\redhat.java-1.54.0-win32-x64\lombok\lombok-1.18.39-4050.jar -XX:+HeapDumpOnOutOfMemoryError -XX:HeapDumpPath=c:\Users\tient\AppData\Roaming\Code\User\workspaceStorage\d058ae2132b0171e931193c01aa411c7\redhat.java -Daether.dependencyCollector.impl=bf c:\Users\tient\.vscode\extensions\redhat.java-1.54.0-win32-x64\server\plugins\org.eclipse.equinox.launcher_1.7.100.v20251111-0406.jar -configuration c:\Users\tient\AppData\Roaming\Code\User\globalStorage\redhat.java\1.54.0\config_win -data c:\Users\tient\AppData\Roaming\Code\User\workspaceStorage\d058ae2132b0171e931193c01aa411c7\redhat.java\jdt_ws --pipe=\\.\pipe\lsp-db707a543955f0c309978f765af91e2e-sock

Host: AMD Ryzen 5 3450U with Radeon Vega Mobile Gfx  , 8 cores, 13G,  Windows 10 , 64 bit Build 19041 (10.0.19041.5915)
Time: Mon Jun  1 13:48:26 2026 SE Asia Standard Time elapsed time: 607.743505 seconds (0d 0h 10m 7s)

---------------  T H R E A D  ---------------

Current thread (0x00000251fb36a490):  JavaThread "Attach Listener" daemon [_thread_in_vm, id=19600, stack(0x00000057b8d00000,0x00000057b8e00000) (1024K)]

Stack: [0x00000057b8d00000,0x00000057b8e00000]
Native frames: (J=compiled Java code, j=interpreted, Vv=VM code, C=native code)
V  [jvm.dll+0x6d7a39]
V  [jvm.dll+0x8b4b26]
V  [jvm.dll+0x8b70de]
V  [jvm.dll+0x8b77c3]
V  [jvm.dll+0x284346]
V  [jvm.dll+0xc1277]
V  [jvm.dll+0x6d82e9]
V  [jvm.dll+0x1334a6]
V  [jvm.dll+0x3f857e]
V  [jvm.dll+0x85f59d]
V  [jvm.dll+0x6d626d]
C  [ucrtbase.dll+0x21bb2]
C  [KERNEL32.DLL+0x17374]
C  [ntdll.dll+0x4cc91]


---------------  P R O C E S S  ---------------

Threads class SMR info:
_java_thread_list=0x00000251fefff830, length=42, elements={
0x00000251e48f6c50, 0x00000251fb364180, 0x00000251fb365730, 0x00000251fb369830,
0x00000251fb36a490, 0x00000251fb36d820, 0x00000251fb36e280, 0x00000251fb36f010,
0x00000251fcc61e50, 0x00000251fcdcc250, 0x00000251fcf3c4f0, 0x00000251fd834650,
0x00000251fd841370, 0x00000251fd7f2dd0, 0x00000251fd7f3810, 0x00000251fde12f80,
0x00000251fd51de00, 0x00000251fd75fbd0, 0x00000251fddcefb0, 0x00000251fddcdc00,
0x00000251fdfbdff0, 0x00000251fdfbe680, 0x00000251fdfc0750, 0x00000251fdfbed10,
0x00000251fdfbd2d0, 0x00000251fdfbf3a0, 0x00000251fdfbd960, 0x00000251fdfc1470,
0x00000251fdfc1b00, 0x00000251fdfbfa30, 0x00000251fdfc2190, 0x00000251fdfbb890,
0x00000251fdfc00c0, 0x00000251c662ce10, 0x00000251c662d4a0, 0x00000251c662f570,
0x00000251c6631640, 0x00000251c662c0f0, 0x00000251c662eee0, 0x00000251c6630fb0,
0x00000251c66329f0, 0x00000251c586b060
}

Java Threads: ( => current thread )
  0x00000251e48f6c50 JavaThread "main"                              [_thread_blocked, id=22712, stack(0x00000057b8600000,0x00000057b8700000) (1024K)]
  0x00000251fb364180 JavaThread "Reference Handler"          daemon [_thread_blocked, id=9768, stack(0x00000057b8a00000,0x00000057b8b00000) (1024K)]
  0x00000251fb365730 JavaThread "Finalizer"                  daemon [_thread_blocked, id=23168, stack(0x00000057b8b00000,0x00000057b8c00000) (1024K)]
  0x00000251fb369830 JavaThread "Signal Dispatcher"          daemon [_thread_blocked, id=22888, stack(0x00000057b8c00000,0x00000057b8d00000) (1024K)]
=>0x00000251fb36a490 JavaThread "Attach Listener"            daemon [_thread_in_vm, id=19600, stack(0x00000057b8d00000,0x00000057b8e00000) (1024K)]
  0x00000251fb36d820 JavaThread "Service Thread"             daemon [_thread_blocked, id=19344, stack(0x00000057b8e00000,0x00000057b8f00000) (1024K)]
  0x00000251fb36e280 JavaThread "Monitor Deflation Thread"   daemon [_thread_blocked, id=22988, stack(0x00000057b8f00000,0x00000057b9000000) (1024K)]
  0x00000251fb36f010 JavaThread "C2 CompilerThread0"         daemon [_thread_blocked, id=9816, stack(0x00000057b9000000,0x00000057b9100000) (1024K)]
  0x00000251fcc61e50 JavaThread "C1 CompilerThread0"         daemon [_thread_blocked, id=21704, stack(0x00000057b9100000,0x00000057b9200000) (1024K)]
  0x00000251fcdcc250 JavaThread "Common-Cleaner"             daemon [_thread_blocked, id=15564, stack(0x00000057b9200000,0x00000057b9300000) (1024K)]
  0x00000251fcf3c4f0 JavaThread "Notification Thread"        daemon [_thread_blocked, id=21036, stack(0x00000057b9300000,0x00000057b9400000) (1024K)]
  0x00000251fd834650 JavaThread "Active Thread: Equinox Container: 95e617ba-d98f-4b6b-beb8-14275501e401"        [_thread_blocked, id=20320, stack(0x00000057b9b00000,0x00000057b9c00000) (1024K)]
  0x00000251fd841370 JavaThread "Refresh Thread: Equinox Container: 95e617ba-d98f-4b6b-beb8-14275501e401" daemon [_thread_blocked, id=7408, stack(0x00000057b9c00000,0x00000057b9d00000) (1024K)]
  0x00000251fd7f2dd0 JavaThread "Framework Event Dispatcher: Equinox Container: 95e617ba-d98f-4b6b-beb8-14275501e401" daemon [_thread_blocked, id=19460, stack(0x00000057b9d00000,0x00000057b9e00000) (1024K)]
  0x00000251fd7f3810 JavaThread "Start Level: Equinox Container: 95e617ba-d98f-4b6b-beb8-14275501e401" daemon [_thread_blocked, id=1440, stack(0x00000057b9e00000,0x00000057b9f00000) (1024K)]
  0x00000251fde12f80 JavaThread "Bundle File Closer"         daemon [_thread_blocked, id=9880, stack(0x00000057ba000000,0x00000057ba100000) (1024K)]
  0x00000251fd51de00 JavaThread "SCR Component Actor"        daemon [_thread_blocked, id=18968, stack(0x00000057b9f00000,0x00000057ba000000) (1024K)]
  0x00000251fd75fbd0 JavaThread "Worker-JM"                         [_thread_blocked, id=16008, stack(0x00000057ba100000,0x00000057ba200000) (1024K)]
  0x00000251fddcefb0 JavaThread "JNA Cleaner"                daemon [_thread_blocked, id=20704, stack(0x00000057ba200000,0x00000057ba300000) (1024K)]
  0x00000251fddcdc00 JavaThread "Worker-0"                          [_thread_blocked, id=13560, stack(0x00000057ba300000,0x00000057ba400000) (1024K)]
  0x00000251fdfbdff0 JavaThread "Java indexing"              daemon [_thread_blocked, id=7052, stack(0x00000057ba700000,0x00000057ba800000) (1024K)]
  0x00000251fdfbe680 JavaThread "Thread-1"                   daemon [_thread_in_native, id=19828, stack(0x00000057bac00000,0x00000057bad00000) (1024K)]
  0x00000251fdfc0750 JavaThread "Thread-2"                   daemon [_thread_in_native, id=6652, stack(0x00000057bad00000,0x00000057bae00000) (1024K)]
  0x00000251fdfbed10 JavaThread "Thread-3"                   daemon [_thread_in_native, id=12316, stack(0x00000057bae00000,0x00000057baf00000) (1024K)]
  0x00000251fdfbd2d0 JavaThread "Thread-4"                   daemon [_thread_in_native, id=18572, stack(0x00000057baf00000,0x00000057bb000000) (1024K)]
  0x00000251fdfbf3a0 JavaThread "Thread-5"                   daemon [_thread_in_native, id=20800, stack(0x00000057bb000000,0x00000057bb100000) (1024K)]
  0x00000251fdfbd960 JavaThread "Thread-6"                   daemon [_thread_in_native, id=3136, stack(0x00000057bb100000,0x00000057bb200000) (1024K)]
  0x00000251fdfc1470 JavaThread "Thread-7"                   daemon [_thread_in_native, id=22704, stack(0x00000057bb200000,0x00000057bb300000) (1024K)]
  0x00000251fdfc1b00 JavaThread "Thread-8"                   daemon [_thread_in_native, id=10208, stack(0x00000057bb300000,0x00000057bb400000) (1024K)]
  0x00000251fdfbfa30 JavaThread "Thread-9"                   daemon [_thread_in_native, id=20008, stack(0x00000057bb400000,0x00000057bb500000) (1024K)]
  0x00000251fdfc2190 JavaThread "pool-2-thread-1"                   [_thread_blocked, id=18260, stack(0x00000057bb500000,0x00000057bb600000) (1024K)]
  0x00000251fdfbb890 JavaThread "WorkspaceEventsHandler"            [_thread_blocked, id=14424, stack(0x00000057bb700000,0x00000057bb800000) (1024K)]
  0x00000251fdfc00c0 JavaThread "pool-1-thread-1"                   [_thread_blocked, id=5148, stack(0x00000057bb800000,0x00000057bb900000) (1024K)]
  0x00000251c662ce10 JavaThread "ForkJoinPool.commonPool-worker-1" daemon [_thread_blocked, id=18956, stack(0x00000057b8300000,0x00000057b8400000) (1024K)]
  0x00000251c662d4a0 JavaThread "ForkJoinPool.commonPool-worker-3" daemon [_thread_blocked, id=22408, stack(0x00000057bce00000,0x00000057bcf00000) (1024K)]
  0x00000251c662f570 JavaThread "ForkJoinPool.commonPool-worker-5" daemon [_thread_blocked, id=14112, stack(0x00000057bd000000,0x00000057bd100000) (1024K)]
  0x00000251c6631640 JavaThread "ForkJoinPool.commonPool-worker-6" daemon [_thread_blocked, id=23356, stack(0x00000057bd100000,0x00000057bd200000) (1024K)]
  0x00000251c662c0f0 JavaThread "ForkJoinPool.commonPool-worker-7" daemon [_thread_blocked, id=22908, stack(0x00000057bd200000,0x00000057bd300000) (1024K)]
  0x00000251c662eee0 JavaThread "ForkJoinPool.commonPool-worker-8" daemon [_thread_blocked, id=20248, stack(0x00000057b8400000,0x00000057b8500000) (1024K)]
  0x00000251c6630fb0 JavaThread "Cleaner-0"                  daemon [_thread_blocked, id=20804, stack(0x00000057ba400000,0x00000057ba500000) (1024K)]
  0x00000251c66329f0 JavaThread "Worker-7"                          [_thread_blocked, id=22040, stack(0x00000057ba800000,0x00000057ba900000) (1024K)]
  0x00000251c586b060 JavaThread "Compiler Source File Reader" daemon [_thread_blocked, id=20668, stack(0x00000057b8500000,0x00000057b8600000) (1024K)]
Total: 42

Other Threads:
  0x00000251fb351da0 VMThread "VM Thread"                           [id=6876, stack(0x00000057b8900000,0x00000057b8a00000) (1024K)]
  0x00000251e4964050 WatcherThread "VM Periodic Task Thread"        [id=22200, stack(0x00000057b8800000,0x00000057b8900000) (1024K)]
  0x00000251e26c0770 WorkerThread "GC Thread#0"                     [id=23308, stack(0x00000057b8700000,0x00000057b8800000) (1024K)]
  0x00000251fd1a3150 WorkerThread "GC Thread#1"                     [id=11256, stack(0x00000057b9500000,0x00000057b9600000) (1024K)]
  0x00000251fd220470 WorkerThread "GC Thread#2"                     [id=22312, stack(0x00000057b9600000,0x00000057b9700000) (1024K)]
  0x00000251fd220820 WorkerThread "GC Thread#3"                     [id=6964, stack(0x00000057b9700000,0x00000057b9800000) (1024K)]
  0x00000251fd742100 WorkerThread "GC Thread#4"                     [id=6592, stack(0x00000057b9800000,0x00000057b9900000) (1024K)]
  0x00000251fd044b30 WorkerThread "GC Thread#5"                     [id=19760, stack(0x00000057b9900000,0x00000057b9a00000) (1024K)]
  0x00000251fd691670 WorkerThread "GC Thread#6"                     [id=20400, stack(0x00000057b9a00000,0x00000057b9b00000) (1024K)]
  0x00000251fd840660 WorkerThread "GC Thread#7"                     [id=23272, stack(0x00000057b9400000,0x00000057b9500000) (1024K)]
Total: 10

Threads with active compile tasks:
Total: 0

VM state: not at safepoint (normal execution)

VM Mutex/Monitor currently owned by a thread: None

Heap address: 0x0000000080000000, size: 2048 MB, Compressed Oops mode: 32-bit

CDS archive(s) mapped at: [0x0000025180000000-0x0000025180ba0000-0x0000025180ba0000), size 12189696, SharedBaseAddress: 0x0000025180000000, ArchiveRelocationMode: 1.
Compressed class space mapped at: 0x0000025181000000-0x00000251c1000000, reserved size: 1073741824
Narrow klass base: 0x0000025180000000, Narrow klass shift: 0, Narrow klass range: 0x100000000

GC Precious Log:
 CardTable entry size: 512
 CPUs: 8 total, 8 available
 Memory: 14222M
 Large Page Support: Disabled
 NUMA Support: Disabled
 Compressed Oops: Enabled (32-bit)
 Alignments: Space 512K, Generation 512K, Heap 2M
 Heap Min Capacity: 100M
 Heap Initial Capacity: 100M
 Heap Max Capacity: 2G
 Pre-touch: Disabled
 Parallel Workers: 8

Heap:
 PSYoungGen      total 2560K, used 1367K [0x00000000d5580000, 0x00000000d5a80000, 0x0000000100000000)
  eden space 2048K, 41% used [0x00000000d5580000,0x00000000d5655e70,0x00000000d5780000)
  from space 512K, 100% used [0x00000000d5980000,0x00000000d5a00000,0x00000000d5a00000)
  to   space 512K, 0% used [0x00000000d5a00000,0x00000000d5a00000,0x00000000d5a80000)
 ParOldGen       total 445440K, used 445026K [0x0000000080000000, 0x000000009b300000, 0x00000000d5580000)
  object space 445440K, 99% used [0x0000000080000000,0x000000009b298b20,0x000000009b300000)
 Metaspace       used 78891K, committed 80512K, reserved 1179648K
  class space    used 8309K, committed 9024K, reserved 1048576K

Card table byte_map: [0x00000251e42d0000,0x00000251e46e0000] _byte_map_base: 0x00000251e3ed0000

Marking Bits: (ParMarkBitMap*) 0x00007ffa95293450
 Begin Bits: [0x00000251f6db0000, 0x00000251f8db0000)
 End Bits:   [0x00000251f8db0000, 0x00000251fadb0000)

Polling page: 0x00000251e40c0000

Metaspace:

Usage:
  Non-class:     68.93 MB used.
      Class:      8.12 MB used.
       Both:     77.04 MB used.

Virtual space:
  Non-class space:      128.00 MB reserved,      69.81 MB ( 55%) committed,  2 nodes.
      Class space:        1.00 GB reserved,       8.81 MB ( <1%) committed,  1 nodes.
             Both:        1.12 GB reserved,      78.62 MB (  7%) committed. 

Chunk freelists:
   Non-Class:  10.16 MB
       Class:  7.08 MB
        Both:  17.24 MB

MaxMetaspaceSize: unlimited
CompressedClassSpaceSize: 1.00 GB
Initial GC threshold: 21.00 MB
Current GC threshold: 117.00 MB
CDS: on
 - commit_granule_bytes: 65536.
 - commit_granule_words: 8192.
 - virtual_space_node_default_size: 8388608.
 - enlarge_chunks_in_place: 1.
 - use_allocation_guard: 0.


Internal statistics:

num_allocs_failed_limit: 9.
num_arena_births: 1430.
num_arena_deaths: 16.
num_vsnodes_births: 3.
num_vsnodes_deaths: 0.
num_space_committed: 1258.
num_space_uncommitted: 0.
num_chunks_returned_to_freelist: 26.
num_chunks_taken_from_freelist: 5150.
num_chunk_merges: 10.
num_chunk_splits: 3062.
num_chunks_enlarged: 1621.
num_inconsistent_stats: 0.

CodeHeap 'non-profiled nmethods': size=120000Kb used=11261Kb max_used=11261Kb free=108738Kb
 bounds [0x00000251ef5d0000, 0x00000251f00d0000, 0x00000251f6b00000]
CodeHeap 'profiled nmethods': size=120000Kb used=31925Kb max_used=31925Kb free=88074Kb
 bounds [0x00000251e7b00000, 0x00000251e9a30000, 0x00000251ef030000]
CodeHeap 'non-nmethods': size=5760Kb used=1515Kb max_used=1588Kb free=4244Kb
 bounds [0x00000251ef030000, 0x00000251ef2a0000, 0x00000251ef5d0000]
CodeCache: size=245760Kb, used=44701Kb, max_used=44774Kb, free=201056Kb
 total_blobs=14225, nmethods=13386, adapters=744, full_count=0
Compilation: enabled, stopped_count=0, restarted_count=0

Compilation events (20 events):
Event: 552.361 Thread 0x00000251fcc61e50 nmethod 15202 0x00000251e9a26310 code [0x00000251e9a264c0, 0x00000251e9a26600]
Event: 552.361 Thread 0x00000251fcc61e50 15203       3       lombok.launch.PatchFixesHider$Delegate::addGeneratedDelegateMethods (22 bytes)
Event: 552.367 Thread 0x00000251fcc61e50 nmethod 15203 0x00000251e9a26690 code [0x00000251e9a26c40, 0x00000251e9a29828]
Event: 552.367 Thread 0x00000251fcc61e50 15204       3       org.eclipse.jdt.internal.core.SourceType::getTypeQualifiedName (7 bytes)
Event: 552.367 Thread 0x00000251fcc61e50 nmethod 15204 0x00000251e9a2b110 code [0x00000251e9a2b2c0, 0x00000251e9a2b5c0]
Event: 552.367 Thread 0x00000251fcc61e50 15206       3       org.eclipse.jdt.internal.core.JavaModel::getHandleFromMemento (57 bytes)
Event: 552.369 Thread 0x00000251fcc61e50 nmethod 15206 0x00000251e9a2b710 code [0x00000251e9a2b9a0, 0x00000251e9a2c510]
Event: 552.369 Thread 0x00000251fcc61e50 15205       3       org.eclipse.jdt.core.dom.ArrayType::accept0 (58 bytes)
Event: 552.370 Thread 0x00000251fcc61e50 nmethod 15205 0x00000251e9a2ca90 code [0x00000251e9a2cce0, 0x00000251e9a2d468]
Event: 552.669 Thread 0x00000251fb36f010 nmethod 15177 0x00000251f00ba510 code [0x00000251f00bb060, 0x00000251f00c3cd0]
Event: 552.670 Thread 0x00000251fb36f010 15179       4       org.eclipse.jdt.internal.compiler.lookup.ModuleBinding::isPackageExportedTo (133 bytes)
Event: 552.683 Thread 0x00000251fb36f010 nmethod 15179 0x00000251f00c9d90 code [0x00000251f00c9fc0, 0x00000251f00ca678]
Event: 552.683 Thread 0x00000251fb36f010 15178       4       org.eclipse.jdt.internal.compiler.lookup.LookupEnvironment::getTypeFromConstantPoolName (15 bytes)
Event: 552.705 Thread 0x00000251fb36f010 nmethod 15178 0x00000251f00cad90 code [0x00000251f00cb080, 0x00000251f00cbb18]
Event: 552.706 Thread 0x00000251fb36f010 15182       4       org.eclipse.jdt.internal.compiler.lookup.ReferenceBinding::storeAnnotationHolder (47 bytes)
Event: 552.725 Thread 0x00000251fb36f010 nmethod 15182 0x00000251f00cc710 code [0x00000251f00cc980, 0x00000251f00cd5c0]
Event: 552.725 Thread 0x00000251fb36f010 15185  s    4       java.util.Vector::elementAt (48 bytes)
Event: 552.726 Thread 0x00000251fb36f010 nmethod 15185 0x00000251f00cde10 code [0x00000251f00cdfa0, 0x00000251f00ce1e0]
Event: 553.273 Thread 0x00000251fb36f010 15207       4       org.eclipse.jdt.core.Signature::getSignatureQualifier (121 bytes)
Event: 553.293 Thread 0x00000251fb36f010 nmethod 15207 0x00000251f00ce310 code [0x00000251f00ce520, 0x00000251f00cf038]

GC Heap History (20 events):
Event: 539.997 GC heap before
{Heap before GC invocations=689 (full 4):
 PSYoungGen      total 4096K, used 3640K [0x00000000d5580000, 0x00000000d5b80000, 0x0000000100000000)
  eden space 2048K, 100% used [0x00000000d5580000,0x00000000d5780000,0x00000000d5780000)
  from space 2048K, 77% used [0x00000000d5880000,0x00000000d5a0e000,0x00000000d5a80000)
  to   space 1024K, 0% used [0x00000000d5a80000,0x00000000d5a80000,0x00000000d5b80000)
 ParOldGen       total 442368K, used 441994K [0x0000000080000000, 0x000000009b000000, 0x00000000d5580000)
  object space 442368K, 99% used [0x0000000080000000,0x000000009afa2af8,0x000000009b000000)
 Metaspace       used 78554K, committed 80192K, reserved 1179648K
  class space    used 8306K, committed 9024K, reserved 1048576K
}
Event: 540.002 GC heap after
{Heap after GC invocations=689 (full 4):
 PSYoungGen      total 3072K, used 880K [0x00000000d5580000, 0x00000000d5b80000, 0x0000000100000000)
  eden space 2048K, 0% used [0x00000000d5580000,0x00000000d5580000,0x00000000d5780000)
  from space 1024K, 85% used [0x00000000d5a80000,0x00000000d5b5c000,0x00000000d5b80000)
  to   space 1536K, 0% used [0x00000000d5880000,0x00000000d5880000,0x00000000d5a00000)
 ParOldGen       total 443392K, used 443202K [0x0000000080000000, 0x000000009b100000, 0x00000000d5580000)
  object space 443392K, 99% used [0x0000000080000000,0x000000009b0d0af8,0x000000009b100000)
 Metaspace       used 78554K, committed 80192K, reserved 1179648K
  class space    used 8306K, committed 9024K, reserved 1048576K
}
Event: 540.173 GC heap before
{Heap before GC invocations=690 (full 4):
 PSYoungGen      total 3072K, used 2927K [0x00000000d5580000, 0x00000000d5b80000, 0x0000000100000000)
  eden space 2048K, 99% used [0x00000000d5580000,0x00000000d577fff8,0x00000000d5780000)
  from space 1024K, 85% used [0x00000000d5a80000,0x00000000d5b5c000,0x00000000d5b80000)
  to   space 1536K, 0% used [0x00000000d5880000,0x00000000d5880000,0x00000000d5a00000)
 ParOldGen       total 443392K, used 443202K [0x0000000080000000, 0x000000009b100000, 0x00000000d5580000)
  object space 443392K, 99% used [0x0000000080000000,0x000000009b0d0af8,0x000000009b100000)
 Metaspace       used 78557K, committed 80192K, reserved 1179648K
  class space    used 8306K, committed 9024K, reserved 1048576K
}
Event: 540.179 GC heap after
{Heap after GC invocations=690 (full 4):
 PSYoungGen      total 3584K, used 576K [0x00000000d5580000, 0x00000000d5b00000, 0x0000000100000000)
  eden space 2048K, 0% used [0x00000000d5580000,0x00000000d5580000,0x00000000d5780000)
  from space 1536K, 37% used [0x00000000d5880000,0x00000000d5910000,0x00000000d5a00000)
  to   space 1024K, 0% used [0x00000000d5a00000,0x00000000d5a00000,0x00000000d5b00000)
 ParOldGen       total 444416K, used 443986K [0x0000000080000000, 0x000000009b200000, 0x00000000d5580000)
  object space 444416K, 99% used [0x0000000080000000,0x000000009b194af8,0x000000009b200000)
 Metaspace       used 78557K, committed 80192K, reserved 1179648K
  class space    used 8306K, committed 9024K, reserved 1048576K
}
Event: 540.471 GC heap before
{Heap before GC invocations=691 (full 4):
 PSYoungGen      total 3584K, used 2624K [0x00000000d5580000, 0x00000000d5b00000, 0x0000000100000000)
  eden space 2048K, 100% used [0x00000000d5580000,0x00000000d5780000,0x00000000d5780000)
  from space 1536K, 37% used [0x00000000d5880000,0x00000000d5910000,0x00000000d5a00000)
  to   space 1024K, 0% used [0x00000000d5a00000,0x00000000d5a00000,0x00000000d5b00000)
 ParOldGen       total 444416K, used 443986K [0x0000000080000000, 0x000000009b200000, 0x00000000d5580000)
  object space 444416K, 99% used [0x0000000080000000,0x000000009b194af8,0x000000009b200000)
 Metaspace       used 78717K, committed 80320K, reserved 1179648K
  class space    used 8306K, committed 9024K, reserved 1048576K
}
Event: 540.474 GC heap after
{Heap after GC invocations=691 (full 4):
 PSYoungGen      total 3072K, used 576K [0x00000000d5580000, 0x00000000d5b00000, 0x0000000100000000)
  eden space 2048K, 0% used [0x00000000d5580000,0x00000000d5580000,0x00000000d5780000)
  from space 1024K, 56% used [0x00000000d5a00000,0x00000000d5a90000,0x00000000d5b00000)
  to   space 1024K, 0% used [0x00000000d5900000,0x00000000d5900000,0x00000000d5a00000)
 ParOldGen       total 444416K, used 444335K [0x0000000080000000, 0x000000009b200000, 0x00000000d5580000)
  object space 444416K, 99% used [0x0000000080000000,0x000000009b1ebf88,0x000000009b200000)
 Metaspace       used 78717K, committed 80320K, reserved 1179648K
  class space    used 8306K, committed 9024K, reserved 1048576K
}
Event: 540.555 GC heap before
{Heap before GC invocations=692 (full 4):
 PSYoungGen      total 3072K, used 2624K [0x00000000d5580000, 0x00000000d5b00000, 0x0000000100000000)
  eden space 2048K, 100% used [0x00000000d5580000,0x00000000d5780000,0x00000000d5780000)
  from space 1024K, 56% used [0x00000000d5a00000,0x00000000d5a90000,0x00000000d5b00000)
  to   space 1024K, 0% used [0x00000000d5900000,0x00000000d5900000,0x00000000d5a00000)
 ParOldGen       total 444416K, used 444335K [0x0000000080000000, 0x000000009b200000, 0x00000000d5580000)
  object space 444416K, 99% used [0x0000000080000000,0x000000009b1ebf88,0x000000009b200000)
 Metaspace       used 78729K, committed 80384K, reserved 1179648K
  class space    used 8306K, committed 9024K, reserved 1048576K
}
Event: 540.558 GC heap after
{Heap after GC invocations=692 (full 4):
 PSYoungGen      total 3072K, used 304K [0x00000000d5580000, 0x00000000d5a80000, 0x0000000100000000)
  eden space 2048K, 0% used [0x00000000d5580000,0x00000000d5580000,0x00000000d5780000)
  from space 1024K, 29% used [0x00000000d5900000,0x00000000d594c010,0x00000000d5a00000)
  to   space 512K, 0% used [0x00000000d5a00000,0x00000000d5a00000,0x00000000d5a80000)
 ParOldGen       total 444928K, used 444679K [0x0000000080000000, 0x000000009b280000, 0x00000000d5580000)
  object space 444928K, 99% used [0x0000000080000000,0x000000009b241f88,0x000000009b280000)
 Metaspace       used 78729K, committed 80384K, reserved 1179648K
  class space    used 8306K, committed 9024K, reserved 1048576K
}
Event: 540.904 GC heap before
{Heap before GC invocations=693 (full 4):
 PSYoungGen      total 3072K, used 2352K [0x00000000d5580000, 0x00000000d5a80000, 0x0000000100000000)
  eden space 2048K, 100% used [0x00000000d5580000,0x00000000d5780000,0x00000000d5780000)
  from space 1024K, 29% used [0x00000000d5900000,0x00000000d594c010,0x00000000d5a00000)
  to   space 512K, 0% used [0x00000000d5a00000,0x00000000d5a00000,0x00000000d5a80000)
 ParOldGen       total 444928K, used 444679K [0x0000000080000000, 0x000000009b280000, 0x00000000d5580000)
  object space 444928K, 99% used [0x0000000080000000,0x000000009b241f88,0x000000009b280000)
 Metaspace       used 78755K, committed 80384K, reserved 1179648K
  class space    used 8308K, committed 9024K, reserved 1048576K
}
Event: 540.907 GC heap after
{Heap after GC invocations=693 (full 4):
 PSYoungGen      total 2560K, used 352K [0x00000000d5580000, 0x00000000d5a80000, 0x0000000100000000)
  eden space 2048K, 0% used [0x00000000d5580000,0x00000000d5580000,0x00000000d5780000)
  from space 512K, 68% used [0x00000000d5a00000,0x00000000d5a58020,0x00000000d5a80000)
  to   space 512K, 0% used [0x00000000d5980000,0x00000000d5980000,0x00000000d5a00000)
 ParOldGen       total 444928K, used 444687K [0x0000000080000000, 0x000000009b280000, 0x00000000d5580000)
  object space 444928K, 99% used [0x0000000080000000,0x000000009b243f88,0x000000009b280000)
 Metaspace       used 78755K, committed 80384K, reserved 1179648K
  class space    used 8308K, committed 9024K, reserved 1048576K
}
Event: 540.984 GC heap before
{Heap before GC invocations=694 (full 4):
 PSYoungGen      total 2560K, used 2400K [0x00000000d5580000, 0x00000000d5a80000, 0x0000000100000000)
  eden space 2048K, 100% used [0x00000000d5580000,0x00000000d5780000,0x00000000d5780000)
  from space 512K, 68% used [0x00000000d5a00000,0x00000000d5a58020,0x00000000d5a80000)
  to   space 512K, 0% used [0x00000000d5980000,0x00000000d5980000,0x00000000d5a00000)
 ParOldGen       total 444928K, used 444687K [0x0000000080000000, 0x000000009b280000, 0x00000000d5580000)
  object space 444928K, 99% used [0x0000000080000000,0x000000009b243f88,0x000000009b280000)
 Metaspace       used 78791K, committed 80448K, reserved 1179648K
  class space    used 8308K, committed 9024K, reserved 1048576K
}
Event: 540.987 GC heap after
{Heap after GC invocations=694 (full 4):
 PSYoungGen      total 2560K, used 192K [0x00000000d5580000, 0x00000000d5a80000, 0x0000000100000000)
  eden space 2048K, 0% used [0x00000000d5580000,0x00000000d5580000,0x00000000d5780000)
  from space 512K, 37% used [0x00000000d5980000,0x00000000d59b0000,0x00000000d5a00000)
  to   space 512K, 0% used [0x00000000d5a00000,0x00000000d5a00000,0x00000000d5a80000)
 ParOldGen       total 444928K, used 444807K [0x0000000080000000, 0x000000009b280000, 0x00000000d5580000)
  object space 444928K, 99% used [0x0000000080000000,0x000000009b261fa8,0x000000009b280000)
 Metaspace       used 78791K, committed 80448K, reserved 1179648K
  class space    used 8308K, committed 9024K, reserved 1048576K
}
Event: 542.698 GC heap before
{Heap before GC invocations=695 (full 4):
 PSYoungGen      total 2560K, used 2240K [0x00000000d5580000, 0x00000000d5a80000, 0x0000000100000000)
  eden space 2048K, 100% used [0x00000000d5580000,0x00000000d5780000,0x00000000d5780000)
  from space 512K, 37% used [0x00000000d5980000,0x00000000d59b0000,0x00000000d5a00000)
  to   space 512K, 0% used [0x00000000d5a00000,0x00000000d5a00000,0x00000000d5a80000)
 ParOldGen       total 444928K, used 444807K [0x0000000080000000, 0x000000009b280000, 0x00000000d5580000)
  object space 444928K, 99% used [0x0000000080000000,0x000000009b261fa8,0x000000009b280000)
 Metaspace       used 78809K, committed 80448K, reserved 1179648K
  class space    used 8309K, committed 9024K, reserved 1048576K
}
Event: 542.701 GC heap after
{Heap after GC invocations=695 (full 4):
 PSYoungGen      total 2560K, used 256K [0x00000000d5580000, 0x00000000d5a80000, 0x0000000100000000)
  eden space 2048K, 0% used [0x00000000d5580000,0x00000000d5580000,0x00000000d5780000)
  from space 512K, 50% used [0x00000000d5a00000,0x00000000d5a40000,0x00000000d5a80000)
  to   space 512K, 0% used [0x00000000d5980000,0x00000000d5980000,0x00000000d5a00000)
 ParOldGen       total 444928K, used 444847K [0x0000000080000000, 0x000000009b280000, 0x00000000d5580000)
  object space 444928K, 99% used [0x0000000080000000,0x000000009b26bfa8,0x000000009b280000)
 Metaspace       used 78809K, committed 80448K, reserved 1179648K
  class space    used 8309K, committed 9024K, reserved 1048576K
}
Event: 547.623 GC heap before
{Heap before GC invocations=696 (full 4):
 PSYoungGen      total 2560K, used 2304K [0x00000000d5580000, 0x00000000d5a80000, 0x0000000100000000)
  eden space 2048K, 100% used [0x00000000d5580000,0x00000000d5780000,0x00000000d5780000)
  from space 512K, 50% used [0x00000000d5a00000,0x00000000d5a40000,0x00000000d5a80000)
  to   space 512K, 0% used [0x00000000d5980000,0x00000000d5980000,0x00000000d5a00000)
 ParOldGen       total 444928K, used 444847K [0x0000000080000000, 0x000000009b280000, 0x00000000d5580000)
  object space 444928K, 99% used [0x0000000080000000,0x000000009b26bfa8,0x000000009b280000)
 Metaspace       used 78838K, committed 80448K, reserved 1179648K
  class space    used 8309K, committed 9024K, reserved 1048576K
}
Event: 547.626 GC heap after
{Heap after GC invocations=696 (full 4):
 PSYoungGen      total 2560K, used 192K [0x00000000d5580000, 0x00000000d5a80000, 0x0000000100000000)
  eden space 2048K, 0% used [0x00000000d5580000,0x00000000d5580000,0x00000000d5780000)
  from space 512K, 37% used [0x00000000d5980000,0x00000000d59b0000,0x00000000d5a00000)
  to   space 512K, 0% used [0x00000000d5a00000,0x00000000d5a00000,0x00000000d5a80000)
 ParOldGen       total 444928K, used 444887K [0x0000000080000000, 0x000000009b280000, 0x00000000d5580000)
  object space 444928K, 99% used [0x0000000080000000,0x000000009b275fa8,0x000000009b280000)
 Metaspace       used 78838K, committed 80448K, reserved 1179648K
  class space    used 8309K, committed 9024K, reserved 1048576K
}
Event: 551.930 GC heap before
{Heap before GC invocations=697 (full 4):
 PSYoungGen      total 2560K, used 2240K [0x00000000d5580000, 0x00000000d5a80000, 0x0000000100000000)
  eden space 2048K, 100% used [0x00000000d5580000,0x00000000d5780000,0x00000000d5780000)
  from space 512K, 37% used [0x00000000d5980000,0x00000000d59b0000,0x00000000d5a00000)
  to   space 512K, 0% used [0x00000000d5a00000,0x00000000d5a00000,0x00000000d5a80000)
 ParOldGen       total 444928K, used 444887K [0x0000000080000000, 0x000000009b280000, 0x00000000d5580000)
  object space 444928K, 99% used [0x0000000080000000,0x000000009b275fa8,0x000000009b280000)
 Metaspace       used 78855K, committed 80512K, reserved 1179648K
  class space    used 8309K, committed 9024K, reserved 1048576K
}
Event: 551.934 GC heap after
{Heap after GC invocations=697 (full 4):
 PSYoungGen      total 2560K, used 224K [0x00000000d5580000, 0x00000000d5a80000, 0x0000000100000000)
  eden space 2048K, 0% used [0x00000000d5580000,0x00000000d5580000,0x00000000d5780000)
  from space 512K, 43% used [0x00000000d5a00000,0x00000000d5a38000,0x00000000d5a80000)
  to   space 512K, 0% used [0x00000000d5980000,0x00000000d5980000,0x00000000d5a00000)
 ParOldGen       total 444928K, used 444908K [0x0000000080000000, 0x000000009b280000, 0x00000000d5580000)
  object space 444928K, 99% used [0x0000000080000000,0x000000009b27b0d0,0x000000009b280000)
 Metaspace       used 78855K, committed 80512K, reserved 1179648K
  class space    used 8309K, committed 9024K, reserved 1048576K
}
Event: 552.123 GC heap before
{Heap before GC invocations=698 (full 4):
 PSYoungGen      total 2560K, used 2272K [0x00000000d5580000, 0x00000000d5a80000, 0x0000000100000000)
  eden space 2048K, 100% used [0x00000000d5580000,0x00000000d5780000,0x00000000d5780000)
  from space 512K, 43% used [0x00000000d5a00000,0x00000000d5a38000,0x00000000d5a80000)
  to   space 512K, 0% used [0x00000000d5980000,0x00000000d5980000,0x00000000d5a00000)
 ParOldGen       total 444928K, used 444908K [0x0000000080000000, 0x000000009b280000, 0x00000000d5580000)
  object space 444928K, 99% used [0x0000000080000000,0x000000009b27b0d0,0x000000009b280000)
 Metaspace       used 78879K, committed 80512K, reserved 1179648K
  class space    used 8309K, committed 9024K, reserved 1048576K
}
Event: 552.126 GC heap after
{Heap after GC invocations=698 (full 4):
 PSYoungGen      total 2560K, used 512K [0x00000000d5580000, 0x00000000d5a80000, 0x0000000100000000)
  eden space 2048K, 0% used [0x00000000d5580000,0x00000000d5580000,0x00000000d5780000)
  from space 512K, 100% used [0x00000000d5980000,0x00000000d5a00000,0x00000000d5a00000)
  to   space 512K, 0% used [0x00000000d5a00000,0x00000000d5a00000,0x00000000d5a80000)
 ParOldGen       total 445440K, used 445026K [0x0000000080000000, 0x000000009b300000, 0x00000000d5580000)
  object space 445440K, 99% used [0x0000000080000000,0x000000009b298b20,0x000000009b300000)
 Metaspace       used 78879K, committed 80512K, reserved 1179648K
  class space    used 8309K, committed 9024K, reserved 1048576K
}

Dll operation events (12 events):
Event: 0.037 Loaded shared library c:\Users\tient\.vscode\extensions\redhat.java-1.54.0-win32-x64\jre\21.0.10-win32-x86_64\bin\java.dll
Event: 0.135 Loaded shared library c:\Users\tient\.vscode\extensions\redhat.java-1.54.0-win32-x64\jre\21.0.10-win32-x86_64\bin\zip.dll
Event: 0.482 Loaded shared library C:\Users\tient\.vscode\extensions\redhat.java-1.54.0-win32-x64\jre\21.0.10-win32-x86_64\bin\instrument.dll
Event: 0.531 Loaded shared library C:\Users\tient\.vscode\extensions\redhat.java-1.54.0-win32-x64\jre\21.0.10-win32-x86_64\bin\net.dll
Event: 0.537 Loaded shared library C:\Users\tient\.vscode\extensions\redhat.java-1.54.0-win32-x64\jre\21.0.10-win32-x86_64\bin\nio.dll
Event: 0.548 Loaded shared library C:\Users\tient\.vscode\extensions\redhat.java-1.54.0-win32-x64\jre\21.0.10-win32-x86_64\bin\zip.dll
Event: 0.650 Loaded shared library C:\Users\tient\.vscode\extensions\redhat.java-1.54.0-win32-x64\jre\21.0.10-win32-x86_64\bin\jimage.dll
Event: 0.975 Loaded shared library c:\Users\tient\.vscode\extensions\redhat.java-1.54.0-win32-x64\jre\21.0.10-win32-x86_64\bin\verify.dll
Event: 4.744 Loaded shared library C:\Users\tient\AppData\Roaming\Code\User\globalStorage\redhat.java\1.54.0\config_win\org.eclipse.equinox.launcher\org.eclipse.equinox.launcher.win32.win32.x86_64_1.3.0.v20260203-2149\eclipse_11919.dll
Event: 11.894 Loaded shared library C:\Users\tient\AppData\Local\Temp\jna-110357078\jna11989025427831504769.dll
Event: 28.106 Loaded shared library C:\Users\tient\.vscode\extensions\redhat.java-1.54.0-win32-x64\jre\21.0.10-win32-x86_64\bin\sunmscapi.dll
Event: 29.168 Loaded shared library C:\Users\tient\.vscode\extensions\redhat.java-1.54.0-win32-x64\jre\21.0.10-win32-x86_64\bin\extnet.dll

Deoptimization events (20 events):
Event: 540.477 Thread 0x00000251c662f570 Uncommon trap: trap_request=0xffffff76 fr.pc=0x00000251f0078e0c relative=0x000000000000152c
Event: 540.477 Thread 0x00000251c662f570 Uncommon trap: reason=predicate action=maybe_recompile pc=0x00000251f0078e0c method=org.eclipse.jdt.internal.compiler.parser.Scanner.jumpOverMethodBody()V @ 7 c2
Event: 540.477 Thread 0x00000251c662f570 DEOPT PACKING pc=0x00000251f0078e0c sp=0x00000057bd0fdd30
Event: 540.477 Thread 0x00000251c662f570 DEOPT UNPACKING pc=0x00000251ef083aa2 sp=0x00000057bd0fdcc0 mode 2
Event: 540.912 Thread 0x00000251c66329f0 Uncommon trap: trap_request=0xffffffbe fr.pc=0x00000251f007f048 relative=0x00000000000000e8
Event: 540.912 Thread 0x00000251c66329f0 Uncommon trap: reason=profile_predicate action=maybe_recompile pc=0x00000251f007f048 method=org.eclipse.jdt.internal.compiler.parser.Scanner.jumpOverMethodBody()V @ 12 c2
Event: 540.912 Thread 0x00000251c66329f0 DEOPT PACKING pc=0x00000251f007f048 sp=0x00000057ba8fe690
Event: 540.912 Thread 0x00000251c66329f0 DEOPT UNPACKING pc=0x00000251ef083aa2 sp=0x00000057ba8fe620 mode 2
Event: 540.912 Thread 0x00000251c66329f0 Uncommon trap: trap_request=0xffffffbe fr.pc=0x00000251f007f048 relative=0x00000000000000e8
Event: 540.912 Thread 0x00000251c66329f0 Uncommon trap: reason=profile_predicate action=maybe_recompile pc=0x00000251f007f048 method=org.eclipse.jdt.internal.compiler.parser.Scanner.jumpOverMethodBody()V @ 12 c2
Event: 540.912 Thread 0x00000251c66329f0 DEOPT PACKING pc=0x00000251f007f048 sp=0x00000057ba8fe690
Event: 540.912 Thread 0x00000251c66329f0 DEOPT UNPACKING pc=0x00000251ef083aa2 sp=0x00000057ba8fe620 mode 2
Event: 540.990 Thread 0x00000251c66329f0 Uncommon trap: trap_request=0xffffffbe fr.pc=0x00000251f007f048 relative=0x00000000000000e8
Event: 540.990 Thread 0x00000251c66329f0 Uncommon trap: reason=profile_predicate action=maybe_recompile pc=0x00000251f007f048 method=org.eclipse.jdt.internal.compiler.parser.Scanner.jumpOverMethodBody()V @ 12 c2
Event: 540.990 Thread 0x00000251c66329f0 DEOPT PACKING pc=0x00000251f007f048 sp=0x00000057ba8fe690
Event: 540.990 Thread 0x00000251c66329f0 DEOPT UNPACKING pc=0x00000251ef083aa2 sp=0x00000057ba8fe620 mode 2
Event: 540.995 Thread 0x00000251c66329f0 Uncommon trap: trap_request=0xffffffbe fr.pc=0x00000251f007f048 relative=0x00000000000000e8
Event: 540.995 Thread 0x00000251c66329f0 Uncommon trap: reason=profile_predicate action=maybe_recompile pc=0x00000251f007f048 method=org.eclipse.jdt.internal.compiler.parser.Scanner.jumpOverMethodBody()V @ 12 c2
Event: 540.995 Thread 0x00000251c66329f0 DEOPT PACKING pc=0x00000251f007f048 sp=0x00000057ba8fe690
Event: 540.995 Thread 0x00000251c66329f0 DEOPT UNPACKING pc=0x00000251ef083aa2 sp=0x00000057ba8fe620 mode 2

Classes loaded (20 events):
Event: 110.287 Loading class java/util/stream/ReduceOps$CountingSink$OfRef
Event: 110.287 Loading class java/util/stream/ReduceOps$CountingSink
Event: 110.287 Loading class java/util/stream/ReduceOps$CountingSink done
Event: 110.287 Loading class java/util/stream/ReduceOps$CountingSink$OfRef done
Event: 111.492 Loading class java/util/stream/ReduceOps$1
Event: 111.492 Loading class java/util/stream/ReduceOps$1 done
Event: 111.493 Loading class java/util/stream/ReduceOps$1ReducingSink
Event: 111.493 Loading class java/util/stream/ReduceOps$1ReducingSink done
Event: 111.790 Loading class org/xml/sax/SAXNotRecognizedException
Event: 111.790 Loading class org/xml/sax/SAXNotRecognizedException done
Event: 111.790 Loading class org/xml/sax/SAXNotSupportedException
Event: 111.791 Loading class org/xml/sax/SAXNotSupportedException done
Event: 111.794 Loading class com/sun/org/apache/xerces/internal/util/URI
Event: 111.797 Loading class com/sun/org/apache/xerces/internal/util/URI done
Event: 111.800 Loading class com/sun/org/apache/xerces/internal/xni/XNIException
Event: 111.800 Loading class com/sun/org/apache/xerces/internal/xni/XNIException done
Event: 111.801 Loading class com/sun/org/apache/xerces/internal/xni/parser/XMLParseException
Event: 111.801 Loading class com/sun/org/apache/xerces/internal/xni/parser/XMLParseException done
Event: 254.156 Loading class jdk/internal/ref/CleanerImpl$InnocuousThreadFactory
Event: 254.157 Loading class jdk/internal/ref/CleanerImpl$InnocuousThreadFactory done

Classes unloaded (8 events):
Event: 17.119 Thread 0x00000251fb351da0 Unloading class 0x00000251811ad000 'java/lang/invoke/LambdaForm$MH+0x00000251811ad000'
Event: 17.119 Thread 0x00000251fb351da0 Unloading class 0x00000251811acc00 'java/lang/invoke/LambdaForm$MH+0x00000251811acc00'
Event: 17.119 Thread 0x00000251fb351da0 Unloading class 0x00000251811ac800 'java/lang/invoke/LambdaForm$MH+0x00000251811ac800'
Event: 17.119 Thread 0x00000251fb351da0 Unloading class 0x00000251811ac400 'java/lang/invoke/LambdaForm$MH+0x00000251811ac400'
Event: 17.119 Thread 0x00000251fb351da0 Unloading class 0x00000251811ac000 'java/lang/invoke/LambdaForm$BMH+0x00000251811ac000'
Event: 17.119 Thread 0x00000251fb351da0 Unloading class 0x00000251811abc00 'java/lang/invoke/LambdaForm$DMH+0x00000251811abc00'
Event: 17.119 Thread 0x00000251fb351da0 Unloading class 0x00000251811aac00 'java/lang/invoke/LambdaForm$DMH+0x00000251811aac00'
Event: 37.625 Thread 0x00000251fb351da0 Unloading class 0x0000025181684000 'java/lang/invoke/LambdaForm$DMH+0x0000025181684000'

Classes redefined (0 events):
No events

Internal exceptions (20 events):
Event: 378.064 Thread 0x00000251fddcdc00 Exception <a 'sun/nio/fs/WindowsException'{0x00000000d567ff40}> (0x00000000d567ff40) 
thrown [s\src\hotspot\share\prims\jni.cpp, line 520]
Event: 378.068 Thread 0x00000251fddcdc00 Exception <a 'sun/nio/fs/WindowsException'{0x00000000d5580868}> (0x00000000d5580868) 
thrown [s\src\hotspot\share\prims\jni.cpp, line 520]
Event: 378.075 Thread 0x00000251fddcdc00 Exception <a 'sun/nio/fs/WindowsException'{0x00000000d55827b0}> (0x00000000d55827b0) 
thrown [s\src\hotspot\share\prims\jni.cpp, line 520]
Event: 378.075 Thread 0x00000251fddcdc00 Exception <a 'sun/nio/fs/WindowsException'{0x00000000d55833a0}> (0x00000000d55833a0) 
thrown [s\src\hotspot\share\prims\jni.cpp, line 520]
Event: 378.081 Thread 0x00000251fddcdc00 Exception <a 'sun/nio/fs/WindowsException'{0x00000000d5585850}> (0x00000000d5585850) 
thrown [s\src\hotspot\share\prims\jni.cpp, line 520]
Event: 378.081 Thread 0x00000251fddcdc00 Exception <a 'sun/nio/fs/WindowsException'{0x00000000d5586428}> (0x00000000d5586428) 
thrown [s\src\hotspot\share\prims\jni.cpp, line 520]
Event: 378.084 Thread 0x00000251fddcdc00 Exception <a 'sun/nio/fs/WindowsException'{0x00000000d5588700}> (0x00000000d5588700) 
thrown [s\src\hotspot\share\prims\jni.cpp, line 520]
Event: 378.085 Thread 0x00000251fddcdc00 Exception <a 'sun/nio/fs/WindowsException'{0x00000000d5589330}> (0x00000000d5589330) 
thrown [s\src\hotspot\share\prims\jni.cpp, line 520]
Event: 378.088 Thread 0x00000251fddcdc00 Exception <a 'sun/nio/fs/WindowsException'{0x00000000d558b298}> (0x00000000d558b298) 
thrown [s\src\hotspot\share\prims\jni.cpp, line 520]
Event: 378.088 Thread 0x00000251fddcdc00 Exception <a 'sun/nio/fs/WindowsException'{0x00000000d558bec8}> (0x00000000d558bec8) 
thrown [s\src\hotspot\share\prims\jni.cpp, line 520]
Event: 378.091 Thread 0x00000251fddcdc00 Exception <a 'sun/nio/fs/WindowsException'{0x00000000d558e478}> (0x00000000d558e478) 
thrown [s\src\hotspot\share\prims\jni.cpp, line 520]
Event: 378.091 Thread 0x00000251fddcdc00 Exception <a 'sun/nio/fs/WindowsException'{0x00000000d558f058}> (0x00000000d558f058) 
thrown [s\src\hotspot\share\prims\jni.cpp, line 520]
Event: 378.095 Thread 0x00000251fddcdc00 Exception <a 'sun/nio/fs/WindowsException'{0x00000000d5590f30}> (0x00000000d5590f30) 
thrown [s\src\hotspot\share\prims\jni.cpp, line 520]
Event: 378.095 Thread 0x00000251fddcdc00 Exception <a 'sun/nio/fs/WindowsException'{0x00000000d5591b10}> (0x00000000d5591b10) 
thrown [s\src\hotspot\share\prims\jni.cpp, line 520]
Event: 378.099 Thread 0x00000251fddcdc00 Exception <a 'sun/nio/fs/WindowsException'{0x00000000d5593530}> (0x00000000d5593530) 
thrown [s\src\hotspot\share\prims\jni.cpp, line 520]
Event: 378.100 Thread 0x00000251fddcdc00 Exception <a 'sun/nio/fs/WindowsException'{0x00000000d5594138}> (0x00000000d5594138) 
thrown [s\src\hotspot\share\prims\jni.cpp, line 520]
Event: 378.197 Thread 0x00000251fddcdc00 Exception <a 'sun/nio/fs/WindowsException'{0x00000000d5597248}> (0x00000000d5597248) 
thrown [s\src\hotspot\share\prims\jni.cpp, line 520]
Event: 378.200 Thread 0x00000251fddcdc00 Exception <a 'sun/nio/fs/WindowsException'{0x00000000d5597e20}> (0x00000000d5597e20) 
thrown [s\src\hotspot\share\prims\jni.cpp, line 520]
Event: 487.475 Thread 0x00000251fdfbdff0 Exception <a 'sun/nio/fs/WindowsException'{0x00000000d55980b8}> (0x00000000d55980b8) 
thrown [s\src\hotspot\share\prims\jni.cpp, line 520]
Event: 488.367 Thread 0x00000251fdfbdff0 Exception <a 'sun/nio/fs/WindowsException'{0x00000000d56290a8}> (0x00000000d56290a8) 
thrown [s\src\hotspot\share\prims\jni.cpp, line 520]

ZGC Phase Switch (0 events):
No events

VM Operations (20 events):
Event: 543.701 Executing safepoint VM operation: Cleanup
Event: 543.702 Executing safepoint VM operation: Cleanup done
Event: 545.716 Executing safepoint VM operation: Cleanup
Event: 545.716 Executing safepoint VM operation: Cleanup done
Event: 546.725 Executing safepoint VM operation: Cleanup
Event: 546.725 Executing safepoint VM operation: Cleanup done
Event: 547.612 Executing safepoint VM operation: ParallelGCFailedAllocation (Allocation Failure)
Event: 547.626 Executing safepoint VM operation: ParallelGCFailedAllocation (Allocation Failure) done
Event: 551.930 Executing safepoint VM operation: ParallelGCFailedAllocation (Allocation Failure)
Event: 551.934 Executing safepoint VM operation: ParallelGCFailedAllocation (Allocation Failure) done
Event: 552.123 Executing safepoint VM operation: ParallelGCFailedAllocation (Allocation Failure)
Event: 552.126 Executing safepoint VM operation: ParallelGCFailedAllocation (Allocation Failure) done
Event: 553.127 Executing safepoint VM operation: Cleanup
Event: 553.127 Executing safepoint VM operation: Cleanup done
Event: 554.133 Executing safepoint VM operation: Cleanup
Event: 554.133 Executing safepoint VM operation: Cleanup done
Event: 601.089 Executing non-safepoint VM operation: HandshakeAllThreads (HandshakeForDeflation)
Event: 601.089 Executing non-safepoint VM operation: HandshakeAllThreads (HandshakeForDeflation) done
Event: 601.089 Executing non-safepoint VM operation: RendezvousGCThreads
Event: 601.089 Executing non-safepoint VM operation: RendezvousGCThreads done

Memory protections (0 events):
No events

Nmethod flushes (20 events):
Event: 91.337 Thread 0x00000251fb351da0 flushing  nmethod 0x00000251e8aceb90
Event: 91.337 Thread 0x00000251fb351da0 flushing  nmethod 0x00000251e8ad6f90
Event: 91.337 Thread 0x00000251fb351da0 flushing  nmethod 0x00000251e8adaf90
Event: 91.337 Thread 0x00000251fb351da0 flushing  nmethod 0x00000251e8adc610
Event: 91.337 Thread 0x00000251fb351da0 flushing osr nmethod 0x00000251e8afee90
Event: 91.337 Thread 0x00000251fb351da0 flushing  nmethod 0x00000251e8b09c10
Event: 91.337 Thread 0x00000251fb351da0 flushing  nmethod 0x00000251e8b0a890
Event: 91.337 Thread 0x00000251fb351da0 flushing  nmethod 0x00000251e8b19610
Event: 91.337 Thread 0x00000251fb351da0 flushing  nmethod 0x00000251e8b1a490
Event: 91.337 Thread 0x00000251fb351da0 flushing  nmethod 0x00000251e8b1c010
Event: 91.337 Thread 0x00000251fb351da0 flushing  nmethod 0x00000251e8b1d290
Event: 91.337 Thread 0x00000251fb351da0 flushing  nmethod 0x00000251e8b1d910
Event: 91.337 Thread 0x00000251fb351da0 flushing  nmethod 0x00000251e8b1eb10
Event: 91.337 Thread 0x00000251fb351da0 flushing  nmethod 0x00000251e8b1f190
Event: 91.337 Thread 0x00000251fb351da0 flushing  nmethod 0x00000251e8b25610
Event: 91.337 Thread 0x00000251fb351da0 flushing  nmethod 0x00000251e8b28010
Event: 91.337 Thread 0x00000251fb351da0 flushing  nmethod 0x00000251e8b28b90
Event: 91.337 Thread 0x00000251fb351da0 flushing  nmethod 0x00000251e8b7a090
Event: 91.337 Thread 0x00000251fb351da0 flushing  nmethod 0x00000251e8b95110
Event: 91.337 Thread 0x00000251fb351da0 flushing  nmethod 0x00000251e8ba4510

Events (20 events):
Event: 381.576 Thread 0x00000251c5866830 Thread exited: 0x00000251c5866830
Event: 381.584 Thread 0x00000251c5866ec0 Thread exited: 0x00000251c5866ec0
Event: 381.599 Thread 0x00000251c5868900 Thread exited: 0x00000251c5868900
Event: 381.599 Thread 0x00000251c5868f90 Thread exited: 0x00000251c5868f90
Event: 381.624 Thread 0x00000251c586c410 Thread exited: 0x00000251c586c410
Event: 381.630 Thread 0x00000251c5867550 Thread exited: 0x00000251c5867550
Event: 434.944 Thread 0x00000251c6631cd0 Thread exited: 0x00000251c6631cd0
Event: 438.745 Thread 0x00000251fdfc0de0 Thread exited: 0x00000251fdfc0de0
Event: 441.609 Thread 0x00000251fddccee0 Thread exited: 0x00000251fddccee0
Event: 486.420 Thread 0x00000251fddcdc00 Thread added: 0x00000251c586b060
Event: 486.687 Thread 0x00000251fddcdc00 Thread added: 0x00000251c5864df0
Event: 486.695 Thread 0x00000251fcc61e50 Thread added: 0x00000251fe444bb0
Event: 486.991 Thread 0x00000251fe444bb0 Thread exited: 0x00000251fe444bb0
Event: 487.134 Thread 0x00000251fcc61e50 Thread added: 0x00000251fe4496a0
Event: 488.381 Thread 0x00000251fe4496a0 Thread exited: 0x00000251fe4496a0
Event: 501.440 Thread 0x00000251fddcfcd0 Thread exited: 0x00000251fddcfcd0
Event: 540.145 Thread 0x00000251fcc61e50 Thread added: 0x00000251fe445280
Event: 541.939 Thread 0x00000251fe445280 Thread exited: 0x00000251fe445280
Event: 547.164 Thread 0x00000251c5864df0 Thread exited: 0x00000251c5864df0
Event: 561.459 Thread 0x00000251c586a340 Thread exited: 0x00000251c586a340


Dynamic libraries:
0x00007ff718b50000 - 0x00007ff718b5e000 	c:\Users\tient\.vscode\extensions\redhat.java-1.54.0-win32-x64\jre\21.0.10-win32-x86_64\bin\java.exe
0x00007ffb223f0000 - 0x00007ffb225e8000 	C:\WINDOWS\SYSTEM32\ntdll.dll
0x00007ffb21c40000 - 0x00007ffb21d02000 	C:\WINDOWS\System32\KERNEL32.DLL
0x00007ffb1ff10000 - 0x00007ffb20206000 	C:\WINDOWS\System32\KERNELBASE.dll
0x00007ffb20270000 - 0x00007ffb20370000 	C:\WINDOWS\System32\ucrtbase.dll
0x00007ffaf5d10000 - 0x00007ffaf5d28000 	c:\Users\tient\.vscode\extensions\redhat.java-1.54.0-win32-x64\jre\21.0.10-win32-x86_64\bin\jli.dll
0x00007ffaee1a0000 - 0x00007ffaee1be000 	c:\Users\tient\.vscode\extensions\redhat.java-1.54.0-win32-x64\jre\21.0.10-win32-x86_64\bin\VCRUNTIME140.dll
0x00007ffb20410000 - 0x00007ffb205b1000 	C:\WINDOWS\System32\USER32.dll
0x00007ffb20210000 - 0x00007ffb20232000 	C:\WINDOWS\System32\win32u.dll
0x00007ffb0fb60000 - 0x00007ffb0fdfb000 	C:\WINDOWS\WinSxS\amd64_microsoft.windows.common-controls_6595b64144ccf1df_6.0.19041.6456_none_60b8a6cb71f64256\COMCTL32.dll
0x00007ffb205c0000 - 0x00007ffb205eb000 	C:\WINDOWS\System32\GDI32.dll
0x00007ffb211c0000 - 0x00007ffb2125e000 	C:\WINDOWS\System32\msvcrt.dll
0x00007ffb1fd10000 - 0x00007ffb1fe29000 	C:\WINDOWS\System32\gdi32full.dll
0x00007ffb20370000 - 0x00007ffb2040d000 	C:\WINDOWS\System32\msvcp_win.dll
0x00007ffb21020000 - 0x00007ffb2104f000 	C:\WINDOWS\System32\IMM32.DLL
0x00007ffb0b860000 - 0x00007ffb0b86c000 	c:\Users\tient\.vscode\extensions\redhat.java-1.54.0-win32-x64\jre\21.0.10-win32-x86_64\bin\vcruntime140_1.dll
0x00007ffae7870000 - 0x00007ffae78fd000 	c:\Users\tient\.vscode\extensions\redhat.java-1.54.0-win32-x64\jre\21.0.10-win32-x86_64\bin\msvcp140.dll
0x00007ffa945d0000 - 0x00007ffa95371000 	c:\Users\tient\.vscode\extensions\redhat.java-1.54.0-win32-x64\jre\21.0.10-win32-x86_64\bin\server\jvm.dll
0x00007ffb212f0000 - 0x00007ffb213a1000 	C:\WINDOWS\System32\ADVAPI32.dll
0x00007ffb207b0000 - 0x00007ffb2084f000 	C:\WINDOWS\System32\sechost.dll
0x00007ffb21410000 - 0x00007ffb21530000 	C:\WINDOWS\System32\RPCRT4.dll
0x00007ffb20240000 - 0x00007ffb20267000 	C:\WINDOWS\System32\bcrypt.dll
0x00007ffb21e00000 - 0x00007ffb21e6b000 	C:\WINDOWS\System32\WS2_32.dll
0x00007ffb1f8e0000 - 0x00007ffb1f92b000 	C:\WINDOWS\SYSTEM32\POWRPROF.dll
0x00007ffb15590000 - 0x00007ffb155b7000 	C:\WINDOWS\SYSTEM32\WINMM.dll
0x00007ffb16c20000 - 0x00007ffb16c2a000 	C:\WINDOWS\SYSTEM32\VERSION.dll
0x00007ffb1f8c0000 - 0x00007ffb1f8d2000 	C:\WINDOWS\SYSTEM32\UMPDC.dll
0x00007ffb1d8f0000 - 0x00007ffb1d902000 	C:\WINDOWS\SYSTEM32\kernel.appcore.dll
0x00007ffb0b770000 - 0x00007ffb0b77a000 	c:\Users\tient\.vscode\extensions\redhat.java-1.54.0-win32-x64\jre\21.0.10-win32-x86_64\bin\jimage.dll
0x00007ffb18020000 - 0x00007ffb18221000 	C:\WINDOWS\SYSTEM32\DBGHELP.DLL
0x00007ffb11070000 - 0x00007ffb110a4000 	C:\WINDOWS\SYSTEM32\dbgcore.DLL
0x00007ffb1fe30000 - 0x00007ffb1feb2000 	C:\WINDOWS\System32\bcryptPrimitives.dll
0x00007ffafc020000 - 0x00007ffafc02f000 	c:\Users\tient\.vscode\extensions\redhat.java-1.54.0-win32-x64\jre\21.0.10-win32-x86_64\bin\instrument.dll
0x00007ffaed820000 - 0x00007ffaed840000 	c:\Users\tient\.vscode\extensions\redhat.java-1.54.0-win32-x64\jre\21.0.10-win32-x86_64\bin\java.dll
0x00007ffb20850000 - 0x00007ffb20fc0000 	C:\WINDOWS\System32\SHELL32.dll
0x00007ffb1daf0000 - 0x00007ffb1e295000 	C:\WINDOWS\SYSTEM32\windows.storage.dll
0x00007ffb21530000 - 0x00007ffb21884000 	C:\WINDOWS\System32\combase.dll
0x00007ffb1f3d0000 - 0x00007ffb1f3fb000 	C:\WINDOWS\SYSTEM32\Wldp.dll
0x00007ffb222e0000 - 0x00007ffb223ad000 	C:\WINDOWS\System32\OLEAUT32.dll
0x00007ffb21b70000 - 0x00007ffb21c1d000 	C:\WINDOWS\System32\SHCORE.dll
0x00007ffb21100000 - 0x00007ffb2115b000 	C:\WINDOWS\System32\shlwapi.dll
0x00007ffb1f9b0000 - 0x00007ffb1f9d4000 	C:\WINDOWS\SYSTEM32\profapi.dll
0x00007ffaed560000 - 0x00007ffaed578000 	c:\Users\tient\.vscode\extensions\redhat.java-1.54.0-win32-x64\jre\21.0.10-win32-x86_64\bin\zip.dll
0x00007ffaf7290000 - 0x00007ffaf72a0000 	C:\Users\tient\.vscode\extensions\redhat.java-1.54.0-win32-x64\jre\21.0.10-win32-x86_64\bin\net.dll
0x00007ffb17610000 - 0x00007ffb1771a000 	C:\WINDOWS\SYSTEM32\WINHTTP.dll
0x00007ffb1f130000 - 0x00007ffb1f19a000 	C:\WINDOWS\system32\mswsock.dll
0x00007ffaecaa0000 - 0x00007ffaecab6000 	C:\Users\tient\.vscode\extensions\redhat.java-1.54.0-win32-x64\jre\21.0.10-win32-x86_64\bin\nio.dll
0x00007ffaf70d0000 - 0x00007ffaf70e0000 	c:\Users\tient\.vscode\extensions\redhat.java-1.54.0-win32-x64\jre\21.0.10-win32-x86_64\bin\verify.dll
0x00007ffaebb30000 - 0x00007ffaebb75000 	C:\Users\tient\AppData\Roaming\Code\User\globalStorage\redhat.java\1.54.0\config_win\org.eclipse.equinox.launcher\org.eclipse.equinox.launcher.win32.win32.x86_64_1.3.0.v20260203-2149\eclipse_11919.dll
0x00007ffb21890000 - 0x00007ffb219bb000 	C:\WINDOWS\System32\ole32.dll
0x00007ffb1f320000 - 0x00007ffb1f338000 	C:\WINDOWS\SYSTEM32\CRYPTSP.dll
0x00007ffb1ea50000 - 0x00007ffb1ea88000 	C:\WINDOWS\system32\rsaenh.dll
0x00007ffb1f970000 - 0x00007ffb1f99e000 	C:\WINDOWS\SYSTEM32\USERENV.dll
0x00007ffb1f340000 - 0x00007ffb1f34c000 	C:\WINDOWS\SYSTEM32\CRYPTBASE.dll
0x00007ffb1ee10000 - 0x00007ffb1ee4b000 	C:\WINDOWS\SYSTEM32\IPHLPAPI.DLL
0x00007ffb21df0000 - 0x00007ffb21df8000 	C:\WINDOWS\System32\NSI.dll
0x00007ffae9dd0000 - 0x00007ffae9e19000 	C:\Users\tient\AppData\Local\Temp\jna-110357078\jna11989025427831504769.dll
0x00007ffb205f0000 - 0x00007ffb205f8000 	C:\WINDOWS\System32\PSAPI.DLL
0x00007ffb17c50000 - 0x00007ffb17c67000 	C:\WINDOWS\SYSTEM32\dhcpcsvc6.DLL
0x00007ffb18230000 - 0x00007ffb1824d000 	C:\WINDOWS\SYSTEM32\dhcpcsvc.DLL
0x00007ffaf6d60000 - 0x00007ffaf6d6e000 	C:\Users\tient\.vscode\extensions\redhat.java-1.54.0-win32-x64\jre\21.0.10-win32-x86_64\bin\sunmscapi.dll
0x00007ffb1fb00000 - 0x00007ffb1fc5d000 	C:\WINDOWS\System32\CRYPT32.dll
0x00007ffb1f440000 - 0x00007ffb1f467000 	C:\WINDOWS\SYSTEM32\ncrypt.dll
0x00007ffb1f400000 - 0x00007ffb1f43b000 	C:\WINDOWS\SYSTEM32\NTASN1.dll
0x00007ffb1ee50000 - 0x00007ffb1ef1a000 	C:\WINDOWS\SYSTEM32\DNSAPI.dll
0x00007ffb12770000 - 0x00007ffb1277a000 	C:\Windows\System32\rasadhlp.dll
0x00007ffb12790000 - 0x00007ffb12810000 	C:\WINDOWS\System32\fwpuclnt.dll
0x00007ffaf7000000 - 0x00007ffaf7009000 	C:\Users\tient\.vscode\extensions\redhat.java-1.54.0-win32-x64\jre\21.0.10-win32-x86_64\bin\extnet.dll

JVMTI agents:
c:\Users\tient\.vscode\extensions\redhat.java-1.54.0-win32-x64\lombok\lombok-1.18.39-4050.jar path:c:\Users\tient\.vscode\extensions\redhat.java-1.54.0-win32-x64\jre\21.0.10-win32-x86_64\bin\instrument.dll, loaded, initialized, instrumentlib options:none

dbghelp: loaded successfully - version: 4.0.5 - missing functions: none
symbol engine: initialized successfully - sym options: 0x614 - pdb path: .;c:\Users\tient\.vscode\extensions\redhat.java-1.54.0-win32-x64\jre\21.0.10-win32-x86_64\bin;C:\WINDOWS\SYSTEM32;C:\WINDOWS\WinSxS\amd64_microsoft.windows.common-controls_6595b64144ccf1df_6.0.19041.6456_none_60b8a6cb71f64256;c:\Users\tient\.vscode\extensions\redhat.java-1.54.0-win32-x64\jre\21.0.10-win32-x86_64\bin\server;C:\Users\tient\AppData\Roaming\Code\User\globalStorage\redhat.java\1.54.0\config_win\org.eclipse.equinox.launcher\org.eclipse.equinox.launcher.win32.win32.x86_64_1.3.0.v20260203-2149;C:\Users\tient\AppData\Local\Temp\jna-110357078

VM Arguments:
jvm_args: --add-modules=ALL-SYSTEM --add-opens=java.base/java.util=ALL-UNNAMED --add-opens=java.base/java.lang=ALL-UNNAMED --add-opens=java.base/sun.nio.fs=ALL-UNNAMED -Declipse.application=org.eclipse.jdt.ls.core.id1 -Dosgi.bundles.defaultStartLevel=4 -Declipse.product=org.eclipse.jdt.ls.core.product -Djava.import.generatesMetadataFilesAtProjectRoot=false -DDetectVMInstallationsJob.disabled=true -Dfile.encoding=utf8 -XX:+UseParallelGC -XX:GCTimeRatio=4 -XX:AdaptiveSizePolicyWeight=90 -Dsun.zip.disableMemoryMapping=true -Xmx2G -Xms100m -Xlog:disable -javaagent:c:\Users\tient\.vscode\extensions\redhat.java-1.54.0-win32-x64\lombok\lombok-1.18.39-4050.jar -XX:+HeapDumpOnOutOfMemoryError -XX:HeapDumpPath=c:\Users\tient\AppData\Roaming\Code\User\workspaceStorage\d058ae2132b0171e931193c01aa411c7\redhat.java -Daether.dependencyCollector.impl=bf 
java_command: c:\Users\tient\.vscode\extensions\redhat.java-1.54.0-win32-x64\server\plugins\org.eclipse.equinox.launcher_1.7.100.v20251111-0406.jar -configuration c:\Users\tient\AppData\Roaming\Code\User\globalStorage\redhat.java\1.54.0\config_win -data c:\Users\tient\AppData\Roaming\Code\User\workspaceStorage\d058ae2132b0171e931193c01aa411c7\redhat.java\jdt_ws --pipe=\\.\pipe\lsp-db707a543955f0c309978f765af91e2e-sock
java_class_path (initial): c:\Users\tient\.vscode\extensions\redhat.java-1.54.0-win32-x64\server\plugins\org.eclipse.equinox.launcher_1.7.100.v20251111-0406.jar
Launcher Type: SUN_STANDARD

[Global flags]
    uintx AdaptiveSizePolicyWeight                 = 90                                        {product} {command line}
     intx CICompilerCount                          = 4                                         {product} {ergonomic}
    uintx GCTimeRatio                              = 4                                         {product} {command line}
     bool HeapDumpOnOutOfMemoryError               = true                                   {manageable} {command line}
    ccstr HeapDumpPath                             = c:\Users\tient\AppData\Roaming\Code\User\workspaceStorage\d058ae2132b0171e931193c01aa411c7\redhat.java         {manageable} {command line}
   size_t InitialHeapSize                          = 104857600                                 {product} {command line}
   size_t MaxHeapSize                              = 2147483648                                {product} {command line}
   size_t MaxNewSize                               = 715653120                                 {product} {ergonomic}
   size_t MinHeapDeltaBytes                        = 524288                                    {product} {ergonomic}
   size_t MinHeapSize                              = 104857600                                 {product} {command line}
   size_t NewSize                                  = 34603008                                  {product} {ergonomic}
    uintx NonNMethodCodeHeapSize                   = 5839372                                {pd product} {ergonomic}
    uintx NonProfiledCodeHeapSize                  = 122909434                              {pd product} {ergonomic}
   size_t OldSize                                  = 70254592                                  {product} {ergonomic}
    uintx ProfiledCodeHeapSize                     = 122909434                              {pd product} {ergonomic}
    uintx ReservedCodeCacheSize                    = 251658240                              {pd product} {ergonomic}
     bool SegmentedCodeCache                       = true                                      {product} {ergonomic}
   size_t SoftMaxHeapSize                          = 2147483648                             {manageable} {ergonomic}
     bool UseCompressedOops                        = true                           {product lp64_product} {ergonomic}
     bool UseLargePagesIndividualAllocation        = false                                  {pd product} {ergonomic}
     bool UseParallelGC                            = true                                      {product} {command line}

Logging:
Log output configuration:
 #0: stdout all=off uptime,level,tags foldmultilines=false
 #1: stderr all=off uptime,level,tags foldmultilines=false

Release file:
JAVA_VERSION="21.0.10" 
MODULES="java.base java.compiler java.datatransfer java.xml java.prefs java.desktop java.instrument java.logging java.management java.security.sasl java.naming java.rmi java.management.rmi java.net.http java.scripting java.security.jgss java.transaction.xa java.sql java.sql.rowset java.xml.crypto java.se java.smartcardio jdk.accessibility jdk.internal.jvmstat jdk.attach jdk.charsets jdk.internal.opt jdk.zipfs jdk.compiler jdk.crypto.ec jdk.crypto.cryptoki jdk.crypto.mscapi jdk.dynalink jdk.internal.ed jdk.editpad jdk.hotspot.agent jdk.httpserver jdk.internal.le jdk.internal.vm.ci jdk.internal.vm.compiler jdk.internal.vm.compiler.management jdk.jartool jdk.javadoc jdk.jcmd jdk.management jdk.management.agent jdk.jconsole jdk.jdeps jdk.jdwp.agent jdk.jdi jdk.jfr jdk.jshell jdk.jsobject jdk.jstatd jdk.localedata jdk.management.jfr jdk.naming.dns jdk.naming.rmi jdk.net jdk.nio.mapmode jdk.random jdk.sctp jdk.security.auth jdk.security.jgss jdk.unsupported jdk.unsupported.desktop jdk.xml.dom" 

Environment Variables:
JAVA_HOME=C:\Program Files\Microsoft\jdk-21.0.10.7-hotspot
PATH=C:\Program Files\Microsoft\jdk-21.0.10.7-hotspot\bin;C:\WINDOWS\system32;C:\WINDOWS;C:\WINDOWS\System32\Wbem;C:\WINDOWS\System32\WindowsPowerShell\v1.0\;C:\WINDOWS\System32\OpenSSH\;D:\TienCut\git\Git\cmd;C:\Program Files\Microsoft SQL Server\Client SDK\ODBC\170\Tools\Binn\;C:\Program Files\Microsoft SQL Server\150\Tools\Binn\;C:\Program Files\dotnet\;C:\Program Files (x86)\Microsoft SQL Server\170\Tools\Binn\;C:\Program Files\Microsoft SQL Server\170\Tools\Binn\;C:\Program Files\Microsoft SQL Server\Client SDK\ODBC\180\Tools\Binn\;C:\Program Files\Microsoft SQL Server\170\DTS\Binn\;D:\TienCut\moiTruongCode\apache-tomcat-10.1.49\bin;C:\Users\tient\Downloads\apache-maven-3.9.14-bin\apache-maven-3.9.14\bin;D:\TienCut\moiTruongCode\python;D:\TienCut\DB\mysql\mysql-9.4.0-winx64\bin;C:\Program Files\nodejs\;D:\TienCut\DB\PostgreSQL\15\bin;D:\TienCut\IDE\flutter_windows_3.41.8-stable\flutter\bin;C:\Program Files\Cloudflare\Cloudflare WARP\;C:\Users\tient\.local\bin;C:\Users\tient\AppData\Local\Microsoft\WindowsApps;D:\TienCut\IDE\vscode\Microsoft VS Code\bin;C:\Users\tient\.dotnet\tools;D:\TienCut\IDE\Antigravity\bin;D:\TienCut\moiTruongCode\apache-tomcat-10.1.49\bin;C:\Users\tient\AppData\Roaming\npm;C:\Users\tient\AppData\Local\Programs\Antigravity IDE\bin
USERNAME=tient
OS=Windows_NT
PROCESSOR_IDENTIFIER=AMD64 Family 23 Model 24 Stepping 1, AuthenticAMD
TMP=C:\Users\tient\AppData\Local\Temp
TEMP=C:\Users\tient\AppData\Local\Temp




Periodic native trim disabled

---------------  S Y S T E M  ---------------

OS:
 Windows 10 , 64 bit Build 19041 (10.0.19041.5915)
OS uptime: 0 days 3:53 hours

CPU: total 8 (initial active 8) (8 cores per cpu, 2 threads per core) family 23 model 24 stepping 1 microcode 0x0, cx8, cmov, fxsr, ht, mmx, 3dnowpref, sse, sse2, sse3, ssse3, sse4a, sse4.1, sse4.2, popcnt, lzcnt, tsc, tscinvbit, avx, avx2, aes, clmul, bmi1, bmi2, adx, sha, fma, vzeroupper, clflush, clflushopt, rdtscp, f16c
Processor Information for the first 8 processors :
  Max Mhz: 2100, Current Mhz: 2100, Mhz Limit: 2100

Memory: 4k page, system-wide physical 14222M (494M free)
TotalPageFile size 25062M (AvailPageFile size 16M)
current process WorkingSet (physical memory assigned to process): 780M, peak: 782M
current process commit charge ("private bytes"): 761M, peak: 763M

vm_info: OpenJDK 64-Bit Server VM (21.0.10+7-LTS) for windows-amd64 JRE (21.0.10+7-LTS), built on 2026-01-20T00:00:00Z by "admin" with MS VC++ 17.12 (VS2022)

END.
